SQL> UPDATE EMP SET JOB='MGR'
  2  SAL=35000
  3  MGRID=111
  4  WHERE EMPNO=102;
SAL=35000
*
ERROR at line 2:
ORA-00933: SQL command not properly ended 


SQL> UPDATE EMP SET JOB='MGR'
  2  SAL=35000,
  3  MGRID=111
  4  WHERE EMPNO=102;
SAL=35000,
*
ERROR at line 2:
ORA-00933: SQL command not properly ended 


SQL> UPDATE EMP SET JOB='MGR',
  2  SAL=35000,
  3  MGRID=111
  4  WHERE EMPNO=102;

1 row updated.

SQL> COMMIT;

Commit complete.

SQL> SPOOL OFF;
