SQL> COMMIT;

Commit complete.

SQL> DELETE FROM DEPT WHERE DNAME='ACCOUNTS';
DELETE FROM DEPT WHERE DNAME='ACCOUNTS'
*
ERROR at line 1:
ORA-02292: integrity constraint (MCA021.DNO_FK_DEPT_CONS) violated - child 
record found 
                                                                                                                       
SQL> SELECT * FROM EMP WHERE DNO = (SELECT DNO FROM DEPT WHERE DNAME = 'ACCOUNTS');
SELECT * FROM EMP WHERE DNO = (SELECT DNO FROM DEPT WHERE DNAME = 'ACCOUNTS')
                        *
ERROR at line 1:
ORA-00904: "DNO": invalid identifier 


SQL> SELECT * FROM EMP WHERE DEPTNO = (SELECT DNO FROM DEPT WHERE DNAME = 'ACCOUNTS');

     EMPNO ENAME      JOB            MGRID DATE_BIRT        SAL       COMM DEP  
---------- ---------- --------- ---------- --------- ---------- ---------- ---  
DATE_JOIN PRJ_ID                                                                
--------- ----------                                                            
       115 Akarsh     CLRK             106 10-DEC-80      23000       8000 D5   
10-DEC-00 P1                                                                    
                                                                                

SQL> DELETE FROM EMP WHERE DEPTNO = (SELECT DNO FROM DEPT WHERE DNAME = 'ACCOUNTS');

1 row deleted.

SQL> DELETE FROM DEPT WHERE DNAME = 'ACCOUNTS';
DELETE FROM DEPT WHERE DNAME = 'ACCOUNTS'
*
ERROR at line 1:
ORA-02292: integrity constraint (MCA021.DNO_FK_DEPT_CONS) violated - child 
record found 


SQL> DELETE FROM PROJ WHERE DNO = (SELECT DNO FROM DEPT WHERE DNAME = 'ACCOUNTS');

1 row deleted.

SQL> DELETE FROM DEPT WHERE DNAME = 'ACCOUNTS';

1 row deleted.

SQL> ROLLBACK;

Rollback complete.

SQL> ROLLBACK;

Rollback complete.

SQL> SPOOL OFF;
