SQL> alter table EMP
  2  ADD CONSTRAINT FK_EMP
  3  FOREIGN KEY(DEPTNO,PRJ_ID) REFERENCES PROJ;
FOREIGN KEY(DEPTNO,PRJ_ID) REFERENCES PROJ
                   *
ERROR at line 3:
ORA-02267: column type incompatible with referenced column type 


SQL> alter table EMP
  2  ADD CONSTRAINT FK_EMP
  3  FOREIGN KEY(DEPTNO,PRJ_ID) REFERENCES PROJ(DNO,PRJ_NO);
FOREIGN KEY(DEPTNO,PRJ_ID) REFERENCES PROJ(DNO,PRJ_NO)
                   *
ERROR at line 3:
ORA-02267: column type incompatible with referenced column type 


SQL> alter table EMP
  2  MODIFY (PRJ_ID VARCHAR2(5));

Table altered.

SQL> alter table EMP
  2  ADD CONSTRAINT FK_EMP
  3  FOREIGN KEY(DEPTNO,PRJ_ID) REFERENCES PROJ(DNO,PRJ_NO);

Table altered.

SQL> COMMIT;

Commit complete.

SQL> SPOOL OFF;
